
extDB3: https://bitbucket.org/torndeco/extdb3/wiki/Home
extDB3: Version: 1.033
extDB3: Windows Version
Message: All development for extDB3 is done on a Linux Dedicated Server
Message: If you would like to Donate to extDB3 Development
Message: https://www.paypal.com/cgi-bin/webscr?cmd=_s-xclick&hosted_button_id=2SUEFTGABTAM2
Message: Also leave a message if there is any particular feature you would like to see added.
Message: Thanks for all the people that have donated.
Message: Torndeco: 18/05/15

Message: This version was modified and include some improvement
Message: The lib was recompiled using new version of TBBMalloc, Boost and MariaDB connector
Message: The worker threads limitation was removed
Message: Steez: 30/10/2020


extDB3: Found extdb3-conf.ini
extDB3: Detected 16 Cores, Setting up 6 Worker Threads
extDB3: Detected 16 Cores, Setting up 16 Worker Threads
extDB3: ...
extDB3: ...
extDB3: ...
extDB3: ...
extDB3: ...
extDB3: ...
extDB3: ...
extDB3: ...
extDB3: ...
extDB3: ...
extDB3: ...
extDB3: ...
extDB3: ...
extDB3: ...
extDB3: ...
extDB3: ...


[06:59:04:058021 -07:00] [Thread 10308] extDB3: SQL_CUSTOM Config Error: Section: loadPlayer Unknown OUTPUT Option: NUMBER in 3-NUMBER
[06:59:04:058041 -07:00] [Thread 10308] extDB3: SQL_CUSTOM Config Error: Debug: 1-STRING,2-STRING,3-NUMBER,4-NUMBER,5-NUMBER
[06:59:04:058057 -07:00] [Thread 10308] extDB3: SQL_CUSTOM Config Error: Section: loadPlayer Unknown OUTPUT Option: NUMBER in 4-NUMBER
[06:59:04:058062 -07:00] [Thread 10308] extDB3: SQL_CUSTOM Config Error: Debug: 1-STRING,2-STRING,3-NUMBER,4-NUMBER,5-NUMBER
[06:59:04:058076 -07:00] [Thread 10308] extDB3: SQL_CUSTOM Config Error: Section: loadPlayer Unknown OUTPUT Option: NUMBER in 5-NUMBER
[06:59:04:058080 -07:00] [Thread 10308] extDB3: SQL_CUSTOM Config Error: Debug: 1-STRING,2-STRING,3-NUMBER,4-NUMBER,5-NUMBER
[06:59:04:058109 -07:00] [Thread 10308] extDB3: Failed to Load Protocol: SQL_CUSTOM
